
Running Gradle task 'assembleDebug'...                          
flutter : You are applying Flutter's app_plugin_loader Gradle plugin 
imperatively using the apply script method, which is deprecated and will be 
removed in a future release. Migrate to applying Gradle plugins with the 
declarative plugins block: https://flutter.dev/go/flutter-gradle-plugin-apply
At line:1 char:1
+ flutter build apk --debug > build_output.txt 2>&1; Get-Content build_ ...
+ ~~~~~~~~~~~~~~~~~~~~~~~~~~~~~~~~~~~~~~~~~~~~~~~~~
    + CategoryInfo          : NotSpecified: (You are applyin...le-plugin-apply 
   :String) [], RemoteException
    + FullyQualifiedErrorId : NativeCommandError
 

You are applying Flutter's main Gradle plugin imperatively using the apply 
script method, which is deprecated and will be removed in a future release. 
Migrate to applying Gradle plugins with the declarative plugins block: 
https://flutter.dev/go/flutter-gradle-plugin-apply

warning: [options] source value 8 is obsolete and will be removed in a future 
release
warning: [options] target value 8 is obsolete and will be removed in a future 
release
warning: [options] To suppress warnings about obsolete options, use 
-Xlint:-options.
3 warnings
warning: [options] source value 8 is obsolete and will be removed in a future 
release
warning: [options] target value 8 is obsolete and will be removed in a future 
release
warning: [options] To suppress warnings about obsolete options, use 
-Xlint:-options.
3 warnings
warning: [options] source value 8 is obsolete and will be removed in a future 
release
warning: [options] target value 8 is obsolete and will be removed in a future 
release
warning: [options] To suppress warnings about obsolete options, use 
-Xlint:-options.
3 warnings
warning: [options] source value 8 is obsolete and will be removed in a future 
release
warning: [options] target value 8 is obsolete and will be removed in a future 
release
warning: [options] To suppress warnings about obsolete options, use 
-Xlint:-options.
3 warnings
warning: [options] source value 8 is obsolete and will be removed in a future 
release
warning: [options] target value 8 is obsolete and will be removed in a future 
release
warning: [options] To suppress warnings about obsolete options, use 
-Xlint:-options.
3 warnings

FAILURE: Build failed with an exception.

* What went wrong:
Execution failed for task ':app:processDebugResources'.
> A failure occurred while executing com.android.build.gradle.internal.res.Link
ApplicationAndroidResourcesTask$TaskAction
   > Android resource linking failed
     E:\Just1Shop\build\app\intermediates\packaged_manifests\debug\AndroidManif
est.xml:75: error: resource mipmap/ic_launcher (aka 
com.just1shop.just1shop:mipmap/ic_launcher) not found.
     E:\Just1Shop\build\app\intermediates\packaged_manifests\debug\AndroidManif
est.xml:82: error: resource style/LaunchTheme (aka 
com.just1shop.just1shop:style/LaunchTheme) not found.
     error: failed processing manifest.


* Try:
> Run with --stacktrace option to get the stack trace.
> Run with --info or --debug option to get more log output.
> Run with --scan to get full insights.
> Get more help at https://help.gradle.org.

BUILD FAILED in 38s
Running Gradle task 'assembleDebug'...                             39.0s
Gradle task assembleDebug failed with exit code 1
